// Jest Snapshot v1, https://goo.gl/fbAQLP

exports[`Button component should match the most recent snapshot 1`] = `
<body>
  <div>
    <button
      class="button button-primary"
      tabindex="0"
    >
      Test
    </button>
  </div>
</body>
`;
